./
baserock/
baserock/parent.meta
baserock/submod-stratum.meta
