.chunk.hello:
./
baserock/
baserock/hello.meta
bin/
bin/hello

