ERROR: Repository TMP/chunk-repo is not cached yet
