./
baserock/
baserock/hello-stratum.meta
baserock/hello.meta
bin/
bin/hello
etc/
