.chunk.hello:
./
baserock/
baserock/hello.meta
bin/
bin/hello
lib/
lib/python2.x/
lib/python2.x/dist-packages/
lib/python2.x/dist-packages/hello.egg-info/
