./
baserock/
baserock/hello.meta
usr/
usr/local/
usr/local/bin/
usr/local/bin/greeter
