.chunk.hello:
./
baserock/
baserock/hello.meta
usr/
usr/local/
usr/local/bin/
usr/local/bin/greeter

.chunk.hello-doc:
./
baserock/
baserock/hello-doc.meta
usr/
usr/local/
usr/local/man/
usr/local/man/man1/
usr/local/man/man1/hello.1

