ERROR: non-existent-branch is an invalid reference for repo file:///chunk-repo
