.chunk.morphless:
./
baserock/
baserock/morphless.meta

