dependency tree:
  file://TMP/test-repo|refs/remotes/origin/master|cairo.morph
  file://TMP/test-repo|refs/remotes/origin/master|dbus-glib.morph
    -> file://TMP/test-repo|refs/remotes/origin/master|dbus.morph
    -> file://TMP/test-repo|refs/remotes/origin/master|glib.morph
  file://TMP/test-repo|refs/remotes/origin/master|dbus.morph
  file://TMP/test-repo|refs/remotes/origin/master|exo.morph
    -> file://TMP/test-repo|refs/remotes/origin/master|gtk-stack.morph
    -> file://TMP/test-repo|refs/remotes/origin/master|libxfce4util.morph
  file://TMP/test-repo|refs/remotes/origin/master|fontconfig.morph
  file://TMP/test-repo|refs/remotes/origin/master|freetype.morph
  file://TMP/test-repo|refs/remotes/origin/master|garcon.morph
    -> file://TMP/test-repo|refs/remotes/origin/master|gtk-stack.morph
    -> file://TMP/test-repo|refs/remotes/origin/master|libxfce4util.morph
  file://TMP/test-repo|refs/remotes/origin/master|gdk-pixbuf.morph
    -> file://TMP/test-repo|refs/remotes/origin/master|glib.morph
  file://TMP/test-repo|refs/remotes/origin/master|glib.morph
  file://TMP/test-repo|refs/remotes/origin/master|gtk-stack.morph
    -> file://TMP/test-repo|refs/remotes/origin/master|cairo.morph
    -> file://TMP/test-repo|refs/remotes/origin/master|dbus-glib.morph
    -> file://TMP/test-repo|refs/remotes/origin/master|dbus.morph
    -> file://TMP/test-repo|refs/remotes/origin/master|fontconfig.morph
    -> file://TMP/test-repo|refs/remotes/origin/master|freetype.morph
    -> file://TMP/test-repo|refs/remotes/origin/master|gdk-pixbuf.morph
    -> file://TMP/test-repo|refs/remotes/origin/master|glib.morph
    -> file://TMP/test-repo|refs/remotes/origin/master|gtk.morph
    -> file://TMP/test-repo|refs/remotes/origin/master|pango.morph
  file://TMP/test-repo|refs/remotes/origin/master|gtk-xfce-engine.morph
    -> file://TMP/test-repo|refs/remotes/origin/master|garcon.morph
    -> file://TMP/test-repo|refs/remotes/origin/master|gtk-stack.morph
    -> file://TMP/test-repo|refs/remotes/origin/master|libxfce4ui.morph
    -> file://TMP/test-repo|refs/remotes/origin/master|xfconf.morph
  file://TMP/test-repo|refs/remotes/origin/master|gtk.morph
    -> file://TMP/test-repo|refs/remotes/origin/master|cairo.morph
    -> file://TMP/test-repo|refs/remotes/origin/master|gdk-pixbuf.morph
    -> file://TMP/test-repo|refs/remotes/origin/master|glib.morph
    -> file://TMP/test-repo|refs/remotes/origin/master|pango.morph
  file://TMP/test-repo|refs/remotes/origin/master|libxfce4ui.morph
    -> file://TMP/test-repo|refs/remotes/origin/master|gtk-stack.morph
    -> file://TMP/test-repo|refs/remotes/origin/master|xfconf.morph
  file://TMP/test-repo|refs/remotes/origin/master|libxfce4util.morph
    -> file://TMP/test-repo|refs/remotes/origin/master|gtk-stack.morph
  file://TMP/test-repo|refs/remotes/origin/master|pango.morph
    -> file://TMP/test-repo|refs/remotes/origin/master|fontconfig.morph
    -> file://TMP/test-repo|refs/remotes/origin/master|freetype.morph
  file://TMP/test-repo|refs/remotes/origin/master|thunar.morph
    -> file://TMP/test-repo|refs/remotes/origin/master|exo.morph
    -> file://TMP/test-repo|refs/remotes/origin/master|gtk-stack.morph
    -> file://TMP/test-repo|refs/remotes/origin/master|libxfce4ui.morph
  file://TMP/test-repo|refs/remotes/origin/master|tumbler.morph
    -> file://TMP/test-repo|refs/remotes/origin/master|gtk-stack.morph
  file://TMP/test-repo|refs/remotes/origin/master|xfce-core.morph
    -> file://TMP/test-repo|refs/remotes/origin/master|exo.morph
    -> file://TMP/test-repo|refs/remotes/origin/master|garcon.morph
    -> file://TMP/test-repo|refs/remotes/origin/master|gtk-stack.morph
    -> file://TMP/test-repo|refs/remotes/origin/master|gtk-xfce-engine.morph
    -> file://TMP/test-repo|refs/remotes/origin/master|libxfce4ui.morph
    -> file://TMP/test-repo|refs/remotes/origin/master|libxfce4util.morph
    -> file://TMP/test-repo|refs/remotes/origin/master|thunar.morph
    -> file://TMP/test-repo|refs/remotes/origin/master|tumbler.morph
    -> file://TMP/test-repo|refs/remotes/origin/master|xfce4-appfinder.morph
    -> file://TMP/test-repo|refs/remotes/origin/master|xfce4-panel.morph
    -> file://TMP/test-repo|refs/remotes/origin/master|xfce4-session.morph
    -> file://TMP/test-repo|refs/remotes/origin/master|xfce4-settings.morph
    -> file://TMP/test-repo|refs/remotes/origin/master|xfconf.morph
    -> file://TMP/test-repo|refs/remotes/origin/master|xfdesktop.morph
    -> file://TMP/test-repo|refs/remotes/origin/master|xfwm4.morph
  file://TMP/test-repo|refs/remotes/origin/master|xfce4-appfinder.morph
    -> file://TMP/test-repo|refs/remotes/origin/master|garcon.morph
    -> file://TMP/test-repo|refs/remotes/origin/master|gtk-stack.morph
    -> file://TMP/test-repo|refs/remotes/origin/master|libxfce4ui.morph
    -> file://TMP/test-repo|refs/remotes/origin/master|xfconf.morph
  file://TMP/test-repo|refs/remotes/origin/master|xfce4-panel.morph
    -> file://TMP/test-repo|refs/remotes/origin/master|exo.morph
    -> file://TMP/test-repo|refs/remotes/origin/master|garcon.morph
    -> file://TMP/test-repo|refs/remotes/origin/master|gtk-stack.morph
    -> file://TMP/test-repo|refs/remotes/origin/master|libxfce4ui.morph
  file://TMP/test-repo|refs/remotes/origin/master|xfce4-session.morph
    -> file://TMP/test-repo|refs/remotes/origin/master|exo.morph
    -> file://TMP/test-repo|refs/remotes/origin/master|gtk-stack.morph
    -> file://TMP/test-repo|refs/remotes/origin/master|libxfce4ui.morph
    -> file://TMP/test-repo|refs/remotes/origin/master|xfconf.morph
  file://TMP/test-repo|refs/remotes/origin/master|xfce4-settings.morph
    -> file://TMP/test-repo|refs/remotes/origin/master|exo.morph
    -> file://TMP/test-repo|refs/remotes/origin/master|gtk-stack.morph
    -> file://TMP/test-repo|refs/remotes/origin/master|libxfce4ui.morph
    -> file://TMP/test-repo|refs/remotes/origin/master|xfconf.morph
  file://TMP/test-repo|refs/remotes/origin/master|xfconf.morph
    -> file://TMP/test-repo|refs/remotes/origin/master|gtk-stack.morph
    -> file://TMP/test-repo|refs/remotes/origin/master|libxfce4util.morph
  file://TMP/test-repo|refs/remotes/origin/master|xfdesktop.morph
    -> file://TMP/test-repo|refs/remotes/origin/master|gtk-stack.morph
    -> file://TMP/test-repo|refs/remotes/origin/master|libxfce4ui.morph
    -> file://TMP/test-repo|refs/remotes/origin/master|xfconf.morph
  file://TMP/test-repo|refs/remotes/origin/master|xfwm4.morph
    -> file://TMP/test-repo|refs/remotes/origin/master|gtk-stack.morph
    -> file://TMP/test-repo|refs/remotes/origin/master|libxfce4ui.morph
    -> file://TMP/test-repo|refs/remotes/origin/master|xfconf.morph
build order:
  group:
    file://TMP/test-repo|refs/remotes/origin/master|cairo.morph
    file://TMP/test-repo|refs/remotes/origin/master|dbus.morph
    file://TMP/test-repo|refs/remotes/origin/master|fontconfig.morph
    file://TMP/test-repo|refs/remotes/origin/master|freetype.morph
    file://TMP/test-repo|refs/remotes/origin/master|glib.morph
  group:
    file://TMP/test-repo|refs/remotes/origin/master|dbus-glib.morph
    file://TMP/test-repo|refs/remotes/origin/master|gdk-pixbuf.morph
    file://TMP/test-repo|refs/remotes/origin/master|pango.morph
  group:
    file://TMP/test-repo|refs/remotes/origin/master|gtk.morph
  group:
    file://TMP/test-repo|refs/remotes/origin/master|gtk-stack.morph
  group:
    file://TMP/test-repo|refs/remotes/origin/master|libxfce4util.morph
    file://TMP/test-repo|refs/remotes/origin/master|tumbler.morph
  group:
    file://TMP/test-repo|refs/remotes/origin/master|exo.morph
    file://TMP/test-repo|refs/remotes/origin/master|garcon.morph
    file://TMP/test-repo|refs/remotes/origin/master|xfconf.morph
  group:
    file://TMP/test-repo|refs/remotes/origin/master|libxfce4ui.morph
  group:
    file://TMP/test-repo|refs/remotes/origin/master|gtk-xfce-engine.morph
    file://TMP/test-repo|refs/remotes/origin/master|thunar.morph
    file://TMP/test-repo|refs/remotes/origin/master|xfce4-appfinder.morph
    file://TMP/test-repo|refs/remotes/origin/master|xfce4-panel.morph
    file://TMP/test-repo|refs/remotes/origin/master|xfce4-session.morph
    file://TMP/test-repo|refs/remotes/origin/master|xfce4-settings.morph
    file://TMP/test-repo|refs/remotes/origin/master|xfdesktop.morph
    file://TMP/test-repo|refs/remotes/origin/master|xfwm4.morph
  group:
    file://TMP/test-repo|refs/remotes/origin/master|xfce-core.morph
