chunk-repo cached
morphs-repo cached
submodule-repo cached
